Using pre-set license
Built from '2022.3/china_unity/release~1' branch; Version is '2022.3.53f1c1 (f16e16b78e06) revision 15822358'; Using compiler version '192829333'; Build Type 'Release'
OS: 'Windows 11  (10.0.26100) 64bit CoreCountrySpecific' Language: 'zh' Physical Memory: 32491 MB
BatchMode: 1, IsHumanControllingUs: 0, StartBugReporterOnCrash: 0, Is64bit: 1, IsPro: 1

COMMAND LINE ARGUMENTS:
D:\UnityHub\Unity2022.3.53\2022.3.53f1c1\Editor\Unity.exe
-adb2
-batchMode
-noUpm
-name
AssetImportWorker0
-projectPath
D:/21078/GitHub/PR2project
-logFile
Logs/AssetImportWorker0.log
-srvPort
55361
Successfully changed project path to: D:/21078/GitHub/PR2project
D:/21078/GitHub/PR2project
[UnityMemory] Configuration Parameters - Can be set up in boot.config
    "memorysetup-bucket-allocator-granularity=16"
    "memorysetup-bucket-allocator-bucket-count=8"
    "memorysetup-bucket-allocator-block-size=33554432"
    "memorysetup-bucket-allocator-block-count=8"
    "memorysetup-main-allocator-block-size=16777216"
    "memorysetup-thread-allocator-block-size=16777216"
    "memorysetup-gfx-main-allocator-block-size=16777216"
    "memorysetup-gfx-thread-allocator-block-size=16777216"
    "memorysetup-cache-allocator-block-size=4194304"
    "memorysetup-typetree-allocator-block-size=2097152"
    "memorysetup-profiler-bucket-allocator-granularity=16"
    "memorysetup-profiler-bucket-allocator-bucket-count=8"
    "memorysetup-profiler-bucket-allocator-block-size=33554432"
    "memorysetup-profiler-bucket-allocator-block-count=8"
    "memorysetup-profiler-allocator-block-size=16777216"
    "memorysetup-profiler-editor-allocator-block-size=1048576"
    "memorysetup-temp-allocator-size-main=16777216"
    "memorysetup-job-temp-allocator-block-size=2097152"
    "memorysetup-job-temp-allocator-block-size-background=1048576"
    "memorysetup-job-temp-allocator-reduction-small-platforms=262144"
    "memorysetup-allocator-temp-initial-block-size-main=262144"
    "memorysetup-allocator-temp-initial-block-size-worker=262144"
    "memorysetup-temp-allocator-size-background-worker=32768"
    "memorysetup-temp-allocator-size-job-worker=262144"
    "memorysetup-temp-allocator-size-preload-manager=33554432"
    "memorysetup-temp-allocator-size-nav-mesh-worker=65536"
    "memorysetup-temp-allocator-size-audio-worker=65536"
    "memorysetup-temp-allocator-size-cloud-worker=32768"
    "memorysetup-temp-allocator-size-gi-baking-worker=262144"
    "memorysetup-temp-allocator-size-gfx=262144"
Player connection [23848]  Target information:

Player connection [23848]  * "[IP] 192.168.2.101 [Port] 0 [Flags] 2 [Guid] 3930296839 [EditorId] 3930296839 [Version] 1048832 [Id] WindowsEditor(7,GAMEstudio) [Debug] 1 [PackageName] WindowsEditor [ProjectName] Editor" 

Player connection [23848] Host joined multi-casting on [225.0.0.222:54997]...
Player connection [23848] Host joined alternative multi-casting on [225.0.0.222:34997]...
[PhysX] Initialized MultithreadedTaskDispatcher with 32 workers.
Refreshing native plugins compatible for Editor in 37.15 ms, found 9 plugins.
Preloading 0 native plugins for Editor in 0.00 ms.
Initialize engine version: 2022.3.53f1c1 (f16e16b78e06)
[Subsystems] Discovering subsystems at path D:/UnityHub/Unity2022.3.53/2022.3.53f1c1/Editor/Data/Resources/UnitySubsystems
[Subsystems] Discovering subsystems at path D:/21078/GitHub/PR2project/Assets
GfxDevice: creating device client; threaded=0; jobified=0
Direct3D:
    Version:  Direct3D 11.0 [level 11.1]
    Renderer: NVIDIA GeForce RTX 4060 Laptop GPU (ID=0x28e0)
    Vendor:   NVIDIA
    VRAM:     7957 MB
    Driver:   32.0.15.6636
Initialize mono
Mono path[0] = 'D:/UnityHub/Unity2022.3.53/2022.3.53f1c1/Editor/Data/Managed'
Mono path[1] = 'D:/UnityHub/Unity2022.3.53/2022.3.53f1c1/Editor/Data/MonoBleedingEdge/lib/mono/unityjit-win32'
Mono config path = 'D:/UnityHub/Unity2022.3.53/2022.3.53f1c1/Editor/Data/MonoBleedingEdge/etc'
Using monoOptions --debugger-agent=transport=dt_socket,embedding=1,server=y,suspend=n,address=127.0.0.1:56936
Begin MonoManager ReloadAssembly
Registering precompiled unity dll's ...
Register platform support module: D:/UnityHub/Unity2022.3.53/2022.3.53f1c1/Editor/Data/PlaybackEngines/WebGLSupport/UnityEditor.WebGL.Extensions.dll
Register platform support module: D:/UnityHub/Unity2022.3.53/2022.3.53f1c1/Editor/Data/PlaybackEngines/AndroidPlayer/UnityEditor.Android.Extensions.dll
Register platform support module: D:/UnityHub/Unity2022.3.53/2022.3.53f1c1/Editor/Data/PlaybackEngines/WindowsStandaloneSupport/UnityEditor.WindowsStandalone.Extensions.dll
Registered in 0.016945 seconds.
- Loaded All Assemblies, in  0.281 seconds
Native extension for WindowsStandalone target not found
Native extension for Android target not found
Android Extension - Scanning For ADB Devices 183 ms
Native extension for WebGL target not found
Mono: successfully reloaded assembly
- Finished resetting the current domain, in  0.357 seconds
Domain Reload Profiling: 631ms
	BeginReloadAssembly (92ms)
		ExecutionOrderSort (0ms)
		DisableScriptedObjects (0ms)
		BackupInstance (0ms)
		ReleaseScriptingObjects (0ms)
		CreateAndSetChildDomain (1ms)
	RebuildCommonClasses (21ms)
	RebuildNativeTypeToScriptingClass (6ms)
	initialDomainReloadingComplete (59ms)
	LoadAllAssembliesAndSetupDomain (96ms)
		LoadAssemblies (87ms)
		RebuildTransferFunctionScriptingTraits (0ms)
		AnalyzeDomain (94ms)
			TypeCache.Refresh (93ms)
				TypeCache.ScanAssembly (84ms)
			ScanForSourceGeneratedMonoScriptInfo (0ms)
			ResolveRequiredComponents (0ms)
	FinalizeReload (357ms)
		ReleaseScriptCaches (0ms)
		RebuildScriptCaches (0ms)
		SetupLoadedEditorAssemblies (331ms)
			LogAssemblyErrors (0ms)
			InitializePlatformSupportModulesInManaged (238ms)
			SetLoadedEditorAssemblies (3ms)
			RefreshPlugins (0ms)
			BeforeProcessingInitializeOnLoad (1ms)
			ProcessInitializeOnLoadAttributes (64ms)
			ProcessInitializeOnLoadMethodAttributes (25ms)
			AfterProcessingInitializeOnLoad (0ms)
			EditorAssembliesLoaded (0ms)
		ExecutionOrderSort2 (0ms)
		AwakeInstancesAfterBackupRestoration (0ms)
========================================================================
Worker process is ready to serve import requests
Caller must complete domain reload
Begin MonoManager ReloadAssembly
- Loaded All Assemblies, in  0.560 seconds
Native extension for WindowsStandalone target not found
Native extension for Android target not found
Native extension for WebGL target not found
Package Manager log level set to [2]
[Package Manager] Server::EnsureServerProcessIsRunning -- launch failed, reason: Unity was launched with the -noUpm command-line argument
[Package Manager] UpmClient::Send -- Unable to send message (not connected to UPM process).
[Package Manager] Cannot connect to Unity Package Manager local server
Mono: successfully reloaded assembly
[Package Manager] Server::EnsureServerProcessIsRunning -- launch failed, reason: Unity was launched with the -noUpm command-line argument
[Package Manager] UpmClient::Send -- Unable to send message (not connected to UPM process).
[Package Manager] Cannot connect to Unity Package Manager local server
[Package Manager] Server::EnsureServerProcessIsRunning -- launch failed, reason: Unity was launched with the -noUpm command-line argument
[Package Manager] UpmClient::Send -- Unable to send message (not connected to UPM process).
[Package Manager] Cannot connect to Unity Package Manager local server
- Finished resetting the current domain, in  0.475 seconds
Domain Reload Profiling: 1020ms
	BeginReloadAssembly (110ms)
		ExecutionOrderSort (0ms)
		DisableScriptedObjects (3ms)
		BackupInstance (0ms)
		ReleaseScriptingObjects (0ms)
		CreateAndSetChildDomain (13ms)
	RebuildCommonClasses (21ms)
	RebuildNativeTypeToScriptingClass (5ms)
	initialDomainReloadingComplete (42ms)
	LoadAllAssembliesAndSetupDomain (367ms)
		LoadAssemblies (306ms)
		RebuildTransferFunctionScriptingTraits (0ms)
		AnalyzeDomain (131ms)
			TypeCache.Refresh (114ms)
				TypeCache.ScanAssembly (102ms)
			ScanForSourceGeneratedMonoScriptInfo (12ms)
			ResolveRequiredComponents (4ms)
	FinalizeReload (475ms)
		ReleaseScriptCaches (0ms)
		RebuildScriptCaches (0ms)
		SetupLoadedEditorAssemblies (391ms)
			LogAssemblyErrors (0ms)
			InitializePlatformSupportModulesInManaged (20ms)
			SetLoadedEditorAssemblies (2ms)
			RefreshPlugins (0ms)
			BeforeProcessingInitializeOnLoad (68ms)
			ProcessInitializeOnLoadAttributes (240ms)
			ProcessInitializeOnLoadMethodAttributes (45ms)
			AfterProcessingInitializeOnLoad (15ms)
			EditorAssembliesLoaded (0ms)
		ExecutionOrderSort2 (0ms)
		AwakeInstancesAfterBackupRestoration (5ms)
Launched and connected shader compiler UnityShaderCompiler.exe after 0.04 seconds
Refreshing native plugins compatible for Editor in 22.58 ms, found 9 plugins.
Preloading 0 native plugins for Editor in 0.00 ms.
Unloading 4516 Unused Serialized files (Serialized files now loaded: 0)
Unloading 71 unused Assets / (81.0 KB). Loaded Objects now: 4996.
Memory consumption went from 160.8 MB to 160.7 MB.
Total: 2.240200 ms (FindLiveObjects: 0.167500 ms CreateObjectMapping: 0.058300 ms MarkObjects: 1.908900 ms  DeleteObjects: 0.104700 ms)

AssetImportParameters requested are different than current active one (requested -> active):
  custom:container-demuxer-ogg: 62fdf1f143b41e24485cea50d1cbac27 -> 
  custom:video-codec-MediaFoundation-h265: 746d11721c4dcdbdad8f713fa42b33f4 -> 
  custom:video-decoder-ogg-theora: a1e56fd34408186e4bbccfd4996cb3dc -> 
  custom:framework-win-MediaFoundation: 216162199b28c13a410421893ffa2e32 -> 
  custom:CustomObjectIndexerAttribute: 9a22284fe3817be447336de3de66b15e -> 
  custom:container-demuxer-webm: 4f35f7cbe854078d1ac9338744f61a02 -> 
  custom:container-muxer-webm: aa71ff27fc2769a1b78a27578f13a17b -> 
  custom:video-decoder-webm-vp8: 9c59270c3fd7afecdb556c50c9e8de78 -> 
  custom:SearchIndexIgnoredProperties: e643bd26f0fe6173181afceb89e7c659 -> 
  custom:AudioImporter_EditorPlatform: d09bf68614088b80899f8185d706f6e7 -> 
  custom:video-encoder-webm-vp8: eb34c28f22e8b96e1ab97ce403110664 -> 
  custom:audio-decoder-ogg-vorbis: bf7c407c2cedff20999df2af8eb42d56 -> 
  custom:audio-encoder-webm-vorbis: bf7c407c2cedff20999df2af8eb42d56 -> 
========================================================================
Received Import Request.
  Time since last request: 507030.827568 seconds.
  path: Assets/vi
  artifactKey: Guid(659c5b7b76b201044a87084870eb3c97) Importer(815301076,1909f56bfc062723c751e8b465ee728b)
Start importing Assets/vi using Guid(659c5b7b76b201044a87084870eb3c97) Importer(815301076,1909f56bfc062723c751e8b465ee728b) [PhysX] Initialized MultithreadedTaskDispatcher with 32 workers.
 -> (artifact id: 'afee0f69e72fa1954713d72553f16397') in 0.001993 seconds
Number of updated asset objects reloaded before import = 0
Number of asset objects unloaded after import = 0
========================================================================
Received Import Request.
  Time since last request: 3.011038 seconds.
  path: Assets/vi/vi.prefab
  artifactKey: Guid(c8a7f3372d34939478e17bc8c311fcee) Importer(815301076,1909f56bfc062723c751e8b465ee728b)
Start importing Assets/vi/vi.prefab using Guid(c8a7f3372d34939478e17bc8c311fcee) Importer(815301076,1909f56bfc062723c751e8b465ee728b) [PhysX] Initialized MultithreadedTaskDispatcher with 32 workers.
[PhysX] Initialized MultithreadedTaskDispatcher with 32 workers.
 -> (artifact id: '71e8f7952cff1d0059974aad61d0cd75') in 0.311119 seconds
Number of updated asset objects reloaded before import = 0
Number of asset objects unloaded after import = 1952
========================================================================
Received Import Request.
  Time since last request: 1192.347940 seconds.
  path: Assets/fbx/fbx/corn.prefab
  artifactKey: Guid(34c75cee505eadb4dbcd596f0a84d3b0) Importer(815301076,1909f56bfc062723c751e8b465ee728b)
Start importing Assets/fbx/fbx/corn.prefab using Guid(34c75cee505eadb4dbcd596f0a84d3b0) Importer(815301076,1909f56bfc062723c751e8b465ee728b) [PhysX] Initialized MultithreadedTaskDispatcher with 32 workers.
 -> (artifact id: '8a8dab46895f37bffbe8289128ea93fd') in 0.004132 seconds
Number of updated asset objects reloaded before import = 0
Number of asset objects unloaded after import = 4
========================================================================
Received Import Request.
  Time since last request: 251.232134 seconds.
  path: Assets/vi/vi.prefab
  artifactKey: Guid(c8a7f3372d34939478e17bc8c311fcee) Importer(815301076,1909f56bfc062723c751e8b465ee728b)
Start importing Assets/vi/vi.prefab using Guid(c8a7f3372d34939478e17bc8c311fcee) Importer(815301076,1909f56bfc062723c751e8b465ee728b) [PhysX] Initialized MultithreadedTaskDispatcher with 32 workers.
[PhysX] Initialized MultithreadedTaskDispatcher with 32 workers.
 -> (artifact id: '8afd80db8de9da5229c8516d868c2e10') in 0.152004 seconds
Number of updated asset objects reloaded before import = 0
Number of asset objects unloaded after import = 1952
========================================================================
Received Import Request.
  Time since last request: 1.438993 seconds.
  path: Assets/vi/vi.prefab
  artifactKey: Guid(c8a7f3372d34939478e17bc8c311fcee) Importer(815301076,1909f56bfc062723c751e8b465ee728b)
Start importing Assets/vi/vi.prefab using Guid(c8a7f3372d34939478e17bc8c311fcee) Importer(815301076,1909f56bfc062723c751e8b465ee728b) [PhysX] Initialized MultithreadedTaskDispatcher with 32 workers.
[PhysX] Initialized MultithreadedTaskDispatcher with 32 workers.
 -> (artifact id: 'f1d62af3811aaf6f9212d5064c8e5633') in 0.130275 seconds
Number of updated asset objects reloaded before import = 0
Number of asset objects unloaded after import = 1952
========================================================================
Received Import Request.
  Time since last request: 2.452053 seconds.
  path: Assets/vi/vi.prefab
  artifactKey: Guid(c8a7f3372d34939478e17bc8c311fcee) Importer(815301076,1909f56bfc062723c751e8b465ee728b)
Start importing Assets/vi/vi.prefab using Guid(c8a7f3372d34939478e17bc8c311fcee) Importer(815301076,1909f56bfc062723c751e8b465ee728b) [PhysX] Initialized MultithreadedTaskDispatcher with 32 workers.
[PhysX] Initialized MultithreadedTaskDispatcher with 32 workers.
 -> (artifact id: 'eaae241d440ec6c662e1f6158dae4595') in 0.138036 seconds
Number of updated asset objects reloaded before import = 0
Number of asset objects unloaded after import = 1212
========================================================================
Received Import Request.
  Time since last request: 14.946047 seconds.
  path: Assets/vi/vi.prefab
  artifactKey: Guid(c8a7f3372d34939478e17bc8c311fcee) Importer(815301076,1909f56bfc062723c751e8b465ee728b)
Start importing Assets/vi/vi.prefab using Guid(c8a7f3372d34939478e17bc8c311fcee) Importer(815301076,1909f56bfc062723c751e8b465ee728b) [PhysX] Initialized MultithreadedTaskDispatcher with 32 workers.
[PhysX] Initialized MultithreadedTaskDispatcher with 32 workers.
 -> (artifact id: '6f87a23bbdbac187fb0acd063ecae1a2') in 0.117111 seconds
Number of updated asset objects reloaded before import = 0
Number of asset objects unloaded after import = 1212
========================================================================
Received Import Request.
  Time since last request: 3.497347 seconds.
  path: Assets/vi/vi.prefab
  artifactKey: Guid(c8a7f3372d34939478e17bc8c311fcee) Importer(815301076,1909f56bfc062723c751e8b465ee728b)
Start importing Assets/vi/vi.prefab using Guid(c8a7f3372d34939478e17bc8c311fcee) Importer(815301076,1909f56bfc062723c751e8b465ee728b) [PhysX] Initialized MultithreadedTaskDispatcher with 32 workers.
[PhysX] Initialized MultithreadedTaskDispatcher with 32 workers.
 -> (artifact id: 'ba6ce420dbc5fef3dfcf995a6b339ff1') in 0.116530 seconds
Number of updated asset objects reloaded before import = 0
Number of asset objects unloaded after import = 1212
========================================================================
Received Import Request.
  Time since last request: 1.279902 seconds.
  path: Assets/vi/vi.prefab
  artifactKey: Guid(c8a7f3372d34939478e17bc8c311fcee) Importer(815301076,1909f56bfc062723c751e8b465ee728b)
Start importing Assets/vi/vi.prefab using Guid(c8a7f3372d34939478e17bc8c311fcee) Importer(815301076,1909f56bfc062723c751e8b465ee728b) [PhysX] Initialized MultithreadedTaskDispatcher with 32 workers.
[PhysX] Initialized MultithreadedTaskDispatcher with 32 workers.
 -> (artifact id: 'bf5910baba29f4e65bb2b46dec8671e0') in 0.116574 seconds
Number of updated asset objects reloaded before import = 0
Number of asset objects unloaded after import = 1212
========================================================================
Received Import Request.
  Time since last request: 0.682763 seconds.
  path: Assets/vi/vi.prefab
  artifactKey: Guid(c8a7f3372d34939478e17bc8c311fcee) Importer(815301076,1909f56bfc062723c751e8b465ee728b)
Start importing Assets/vi/vi.prefab using Guid(c8a7f3372d34939478e17bc8c311fcee) Importer(815301076,1909f56bfc062723c751e8b465ee728b) [PhysX] Initialized MultithreadedTaskDispatcher with 32 workers.
[PhysX] Initialized MultithreadedTaskDispatcher with 32 workers.
 -> (artifact id: 'b4a8f707b793966d87466a49bf679d52') in 0.118084 seconds
Number of updated asset objects reloaded before import = 0
Number of asset objects unloaded after import = 1212
========================================================================
Received Import Request.
  Time since last request: 9.950883 seconds.
  path: Assets/vi/vi.prefab
  artifactKey: Guid(c8a7f3372d34939478e17bc8c311fcee) Importer(815301076,1909f56bfc062723c751e8b465ee728b)
Start importing Assets/vi/vi.prefab using Guid(c8a7f3372d34939478e17bc8c311fcee) Importer(815301076,1909f56bfc062723c751e8b465ee728b) [PhysX] Initialized MultithreadedTaskDispatcher with 32 workers.
[PhysX] Initialized MultithreadedTaskDispatcher with 32 workers.
 -> (artifact id: 'a4231e074734494f8a5419c796ad316f') in 0.119595 seconds
Number of updated asset objects reloaded before import = 0
Number of asset objects unloaded after import = 1212
========================================================================
Received Import Request.
  Time since last request: 2.263708 seconds.
  path: Assets/vi/vi.prefab
  artifactKey: Guid(c8a7f3372d34939478e17bc8c311fcee) Importer(815301076,1909f56bfc062723c751e8b465ee728b)
Start importing Assets/vi/vi.prefab using Guid(c8a7f3372d34939478e17bc8c311fcee) Importer(815301076,1909f56bfc062723c751e8b465ee728b) [PhysX] Initialized MultithreadedTaskDispatcher with 32 workers.
[PhysX] Initialized MultithreadedTaskDispatcher with 32 workers.
 -> (artifact id: 'e3aa29da91746bf4a2c0becc18526fab') in 0.120144 seconds
Number of updated asset objects reloaded before import = 0
Number of asset objects unloaded after import = 1212
========================================================================
Received Import Request.
  Time since last request: 3.904601 seconds.
  path: Assets/vi/vi.prefab
  artifactKey: Guid(c8a7f3372d34939478e17bc8c311fcee) Importer(815301076,1909f56bfc062723c751e8b465ee728b)
Start importing Assets/vi/vi.prefab using Guid(c8a7f3372d34939478e17bc8c311fcee) Importer(815301076,1909f56bfc062723c751e8b465ee728b) [PhysX] Initialized MultithreadedTaskDispatcher with 32 workers.
[PhysX] Initialized MultithreadedTaskDispatcher with 32 workers.
 -> (artifact id: 'abaa24a38fc8ef6f8451788795e503a2') in 0.155447 seconds
Number of updated asset objects reloaded before import = 0
Number of asset objects unloaded after import = 1212
========================================================================
Received Import Request.
  Time since last request: 0.430845 seconds.
  path: Assets/vi/vi.prefab
  artifactKey: Guid(c8a7f3372d34939478e17bc8c311fcee) Importer(815301076,1909f56bfc062723c751e8b465ee728b)
Start importing Assets/vi/vi.prefab using Guid(c8a7f3372d34939478e17bc8c311fcee) Importer(815301076,1909f56bfc062723c751e8b465ee728b) [PhysX] Initialized MultithreadedTaskDispatcher with 32 workers.
[PhysX] Initialized MultithreadedTaskDispatcher with 32 workers.
 -> (artifact id: '80505f14c95baca97fb65c17c7f6bd0e') in 0.118209 seconds
Number of updated asset objects reloaded before import = 0
Number of asset objects unloaded after import = 1212
========================================================================
Received Import Request.
  Time since last request: 1.282779 seconds.
  path: Assets/vi/vi.prefab
  artifactKey: Guid(c8a7f3372d34939478e17bc8c311fcee) Importer(815301076,1909f56bfc062723c751e8b465ee728b)
Start importing Assets/vi/vi.prefab using Guid(c8a7f3372d34939478e17bc8c311fcee) Importer(815301076,1909f56bfc062723c751e8b465ee728b) [PhysX] Initialized MultithreadedTaskDispatcher with 32 workers.
[PhysX] Initialized MultithreadedTaskDispatcher with 32 workers.
 -> (artifact id: '03e5adc77a9b7804419062d8537c9702') in 0.118862 seconds
Number of updated asset objects reloaded before import = 0
Number of asset objects unloaded after import = 1212
========================================================================
Received Import Request.
  Time since last request: 2.891421 seconds.
  path: Assets/vi/vi.prefab
  artifactKey: Guid(c8a7f3372d34939478e17bc8c311fcee) Importer(815301076,1909f56bfc062723c751e8b465ee728b)
Start importing Assets/vi/vi.prefab using Guid(c8a7f3372d34939478e17bc8c311fcee) Importer(815301076,1909f56bfc062723c751e8b465ee728b) [PhysX] Initialized MultithreadedTaskDispatcher with 32 workers.
[PhysX] Initialized MultithreadedTaskDispatcher with 32 workers.
 -> (artifact id: '425b5f5a3c62cdb03223927532eac16e') in 0.120228 seconds
Number of updated asset objects reloaded before import = 0
Number of asset objects unloaded after import = 1212
========================================================================
Received Import Request.
  Time since last request: 4.909515 seconds.
  path: Assets/vi/vi.prefab
  artifactKey: Guid(c8a7f3372d34939478e17bc8c311fcee) Importer(815301076,1909f56bfc062723c751e8b465ee728b)
Start importing Assets/vi/vi.prefab using Guid(c8a7f3372d34939478e17bc8c311fcee) Importer(815301076,1909f56bfc062723c751e8b465ee728b) [PhysX] Initialized MultithreadedTaskDispatcher with 32 workers.
[PhysX] Initialized MultithreadedTaskDispatcher with 32 workers.
 -> (artifact id: 'ea565d3425b4df66377635f4d6c26dcc') in 0.120312 seconds
Number of updated asset objects reloaded before import = 0
Number of asset objects unloaded after import = 1212
========================================================================
Received Import Request.
  Time since last request: 24.405444 seconds.
  path: Assets/vi/vi.prefab
  artifactKey: Guid(c8a7f3372d34939478e17bc8c311fcee) Importer(815301076,1909f56bfc062723c751e8b465ee728b)
Start importing Assets/vi/vi.prefab using Guid(c8a7f3372d34939478e17bc8c311fcee) Importer(815301076,1909f56bfc062723c751e8b465ee728b) [PhysX] Initialized MultithreadedTaskDispatcher with 32 workers.
[PhysX] Initialized MultithreadedTaskDispatcher with 32 workers.
 -> (artifact id: '84507d3e3990e3246121b0ee1baf62bc') in 0.158621 seconds
Number of updated asset objects reloaded before import = 0
Number of asset objects unloaded after import = 1213
========================================================================
Received Import Request.
  Time since last request: 7.619808 seconds.
  path: Assets/vi/vi.prefab
  artifactKey: Guid(c8a7f3372d34939478e17bc8c311fcee) Importer(815301076,1909f56bfc062723c751e8b465ee728b)
Start importing Assets/vi/vi.prefab using Guid(c8a7f3372d34939478e17bc8c311fcee) Importer(815301076,1909f56bfc062723c751e8b465ee728b) [PhysX] Initialized MultithreadedTaskDispatcher with 32 workers.
[PhysX] Initialized MultithreadedTaskDispatcher with 32 workers.
 -> (artifact id: 'cb5de9dda2c86b9619db69835757b0aa') in 0.172005 seconds
Number of updated asset objects reloaded before import = 0
Number of asset objects unloaded after import = 1215
